I'm sorry, but errors were detected in your script. Please correct the
errors listed below, and try again.


File "game/script.rpy", line 91: Tab characters are not allowed in Ren'Py scripts.

Ren'Py Version: Ren'Py 6.18.3.761
